Comandos de Arch Linux 
----Actualizar sistema
sudo pacman -Syyu
---Si obtiene un invalid or corrupted package (PGP signature)error, haga...

$ sudo pacman -S archlinux-keyring
$ sudo pacman-key --populate

-----------Instalar nuevos softwares #
Instala tus programas favoritos con pacman o yay (AUR).

$ sudo pacman -S gimp inkscape

# Or from AUR

$ yay -S spotify 

-------Habilitar Suspender Servicio #
Habilite el servicio de suspensión de betterlockscreen para su cuenta de usuario.

# Enable betterlockscreen suspend service

$ sudo systemctl enable betterlockscreen@$USER.service  

------------ Arreglar el fondo de la pantalla de bloqueo #
Repare el diseño de la pantalla de bloqueo en pantallas hidpi o de baja resolución.

# Update the lockscreen wallpaper

$ betterlockscreen -u /usr/share/backgrounds/groot.jpg

------Instalar herramientas de red
sudo pacman -S net-tools
pacman -S net-tools dnsutils inetutils iproute2

------Instalar herramientas para compartir carpetas con windows
Instalar CIFS-utils en el equipo con Linux
sudo pacman -S cifs-utils

Montar el recurso compartido SMB de Windows en Linux
sudo mkdir /mnt/share

Una vez se haya creado esto, pasamos a teclear el siguiente comando:

sudo mount.cifs //WINDOWS/CARPETA_COMPARTIDA /mnt/share -o user=CUENTA